// Jest Snapshot v1, https://goo.gl/fbAQLP

exports[`Bottom Sheet should default view 1`] = `

<div class="mu-bottom-sheet mu-bottom-sheet-transition-enter mu-bottom-sheet-transition-enter-active"
     style="z-index: 20141224;"
>
</div>

`;
